#
# There is insufficient memory for the Java Runtime Environment to continue.
# Native memory allocation (malloc) failed to allocate 1887264 bytes for Chunk::new
# Possible reasons:
#   The system is out of physical RAM or swap space
#   The process is running with CompressedOops enabled, and the Java Heap may be blocking the growth of the native heap
# Possible solutions:
#   Reduce memory load on the system
#   Increase physical memory or swap space
#   Check if swap backing store is full
#   Decrease Java heap size (-Xmx/-Xms)
#   Decrease number of Java threads
#   Decrease Java thread stack sizes (-Xss)
#   Set larger code cache with -XX:ReservedCodeCacheSize=
#   JVM is running with Zero Based Compressed Oops mode in which the Java heap is
#     placed in the first 32GB address space. The Java Heap base address is the
#     maximum limit for the native heap growth. Please use -XX:HeapBaseMinAddress
#     to set the Java Heap base and to place the Java Heap above 32GB virtual address.
# This output file may be truncated or incomplete.
#
#  Out of Memory Error (arena.cpp:168), pid=27836, tid=24048
#
# JRE version: Java(TM) SE Runtime Environment (21.0.11+9) (build 21.0.11+9-LTS-211)
# Java VM: Java HotSpot(TM) 64-Bit Server VM (21.0.11+9-LTS-211, mixed mode, sharing, tiered, compressed oops, compressed class ptrs, g1 gc, windows-amd64)
# No core dump will be written. Minidumps are not enabled by default on client versions of Windows
#

---------------  S U M M A R Y ------------

Command Line: --add-opens=java.base/java.lang=ALL-UNNAMED --add-opens=java.base/java.lang.invoke=ALL-UNNAMED --add-opens=java.base/java.util=ALL-UNNAMED --add-opens=java.prefs/java.util.prefs=ALL-UNNAMED --add-exports=jdk.compiler/com.sun.tools.javac.api=ALL-UNNAMED --add-exports=jdk.compiler/com.sun.tools.javac.util=ALL-UNNAMED --add-opens=java.base/java.util=ALL-UNNAMED --add-opens=java.prefs/java.util.prefs=ALL-UNNAMED --add-opens=java.base/java.nio.charset=ALL-UNNAMED --add-opens=java.base/java.net=ALL-UNNAMED --add-opens=java.base/java.util.concurrent=ALL-UNNAMED --add-opens=java.base/java.util.concurrent.atomic=ALL-UNNAMED --add-opens=java.xml/javax.xml.namespace=ALL-UNNAMED --add-opens=java.base/java.time=ALL-UNNAMED -XX:MaxMetaspaceSize=4G -XX:ReservedCodeCacheSize=512m -XX:+HeapDumpOnOutOfMemoryError -Xmx8G -Dfile.encoding=UTF-8 -Duser.country=MX -Duser.language=es -Duser.variant -javaagent:C:\Users\Noe Chavero\.gradle\wrapper\dists\gradle-9.3.1-all\9ot9r568e8zfvvd4mn8rbu1j0\gradle-9.3.1\lib\agents\gradle-instrumentation-agent-9.3.1.jar org.gradle.launcher.daemon.bootstrap.GradleDaemon 9.3.1

Host: AMD Ryzen 5 8645HS w/ Radeon 760M Graphics, 12 cores, 7G,  Windows 11 , 64 bit Build 26100 (10.0.26100.9444)
Time: Tue Sep 22 17:16:12 2026 Hora estándar central (México) elapsed time: 24.868413 seconds (0d 0h 0m 24s)

---------------  T H R E A D  ---------------

Current thread (0x000002786c87f0c0):  JavaThread "C2 CompilerThread0" daemon [_thread_in_native, id=24048, stack(0x000000a5e6700000,0x000000a5e6800000) (1024K)]


Current CompileTask:
C2:  24868 8403       4       org.objectweb.asm.ClassReader::accept (1419 bytes)

Stack: [0x000000a5e6700000,0x000000a5e6800000]
Native frames: (J=compiled Java code, j=interpreted, Vv=VM code, C=native code)
V  [jvm.dll+0x6d0ef9]
V  [jvm.dll+0x860126]
V  [jvm.dll+0x86261e]
V  [jvm.dll+0x862cf3]
V  [jvm.dll+0x282bc6]
V  [jvm.dll+0xc67ad]
V  [jvm.dll+0xc6cf1]
V  [jvm.dll+0x3bbeab]
V  [jvm.dll+0x388322]
V  [jvm.dll+0x38776a]
V  [jvm.dll+0x24b520]
V  [jvm.dll+0x24aaff]
V  [jvm.dll+0x1cae7e]
V  [jvm.dll+0x25a7d9]
V  [jvm.dll+0x258d65]
V  [jvm.dll+0x3f50d1]
V  [jvm.dll+0x80ac0d]
V  [jvm.dll+0x6cf79d]
C  [ucrtbase.dll+0x2cd30]
C  [KERNEL32.DLL+0x2cd87]
C  [ntdll.dll+0xacaec]


---------------  P R O C E S S  ---------------

Threads class SMR info:
_java_thread_list=0x00000278b6852b80, length=45, elements={
0x000002783557ab80, 0x000002786c866bb0, 0x000002786c867710, 0x000002786c876110,
0x000002786c878df0, 0x000002786c8797c0, 0x000002786c87c5e0, 0x000002786c87f0c0,
0x000002786c880040, 0x000002786d5b1d20, 0x000002786d598b00, 0x00000278b4087010,
0x00000278b3e4dbc0, 0x00000278b3f74c10, 0x00000278b41dfc60, 0x00000278b3fa8b10,
0x00000278b42b4350, 0x00000278b400cbc0, 0x00000278b400d250, 0x00000278b400c530,
0x00000278b400d8e0, 0x00000278b400df70, 0x00000278b400e600, 0x00000278b400b180,
0x00000278b400bea0, 0x00000278b4853dd0, 0x00000278b4854460, 0x00000278b4855180,
0x00000278b48530b0, 0x00000278b4852390, 0x00000278b4851d00, 0x00000278b4856530,
0x00000278b4855ea0, 0x00000278b4855810, 0x00000278b4857f70, 0x00000278b4856bc0,
0x00000278b48578e0, 0x00000278b4854af0, 0x00000278b4858c90, 0x00000278b4859320,
0x00000278b4b0e850, 0x00000278b4b11640, 0x00000278b4b11cd0, 0x00000278b4b10fb0,
0x00000278b4b0fc00
}

Java Threads: ( => current thread )
  0x000002783557ab80 JavaThread "main"                              [_thread_blocked, id=6324, stack(0x000000a5e5900000,0x000000a5e5a00000) (1024K)]
  0x000002786c866bb0 JavaThread "Reference Handler"          daemon [_thread_blocked, id=31424, stack(0x000000a5e6100000,0x000000a5e6200000) (1024K)]
  0x000002786c867710 JavaThread "Finalizer"                  daemon [_thread_blocked, id=13108, stack(0x000000a5e6200000,0x000000a5e6300000) (1024K)]
  0x000002786c876110 JavaThread "Signal Dispatcher"          daemon [_thread_blocked, id=28896, stack(0x000000a5e6300000,0x000000a5e6400000) (1024K)]
  0x000002786c878df0 JavaThread "Attach Listener"            daemon [_thread_blocked, id=28068, stack(0x000000a5e6400000,0x000000a5e6500000) (1024K)]
  0x000002786c8797c0 JavaThread "Service Thread"             daemon [_thread_blocked, id=31668, stack(0x000000a5e6500000,0x000000a5e6600000) (1024K)]
  0x000002786c87c5e0 JavaThread "Monitor Deflation Thread"   daemon [_thread_blocked, id=26288, stack(0x000000a5e6600000,0x000000a5e6700000) (1024K)]
=>0x000002786c87f0c0 JavaThread "C2 CompilerThread0"         daemon [_thread_in_native, id=24048, stack(0x000000a5e6700000,0x000000a5e6800000) (1024K)]
  0x000002786c880040 JavaThread "C1 CompilerThread0"         daemon [_thread_blocked, id=24520, stack(0x000000a5e6800000,0x000000a5e6900000) (1024K)]
  0x000002786d5b1d20 JavaThread "Common-Cleaner"             daemon [_thread_blocked, id=29268, stack(0x000000a5e6900000,0x000000a5e6a00000) (1024K)]
  0x000002786d598b00 JavaThread "Notification Thread"        daemon [_thread_blocked, id=14616, stack(0x000000a5e6a00000,0x000000a5e6b00000) (1024K)]
  0x00000278b4087010 JavaThread "Daemon health stats"               [_thread_blocked, id=23092, stack(0x000000a5e7400000,0x000000a5e7500000) (1024K)]
  0x00000278b3e4dbc0 JavaThread "Incoming local TCP Connector on port 65476"        [_thread_in_native, id=32208, stack(0x000000a5e7500000,0x000000a5e7600000) (1024K)]
  0x00000278b3f74c10 JavaThread "Daemon periodic checks"            [_thread_blocked, id=11144, stack(0x000000a5e7600000,0x000000a5e7700000) (1024K)]
  0x00000278b41dfc60 JavaThread "Daemon"                            [_thread_blocked, id=22236, stack(0x000000a5e7700000,0x000000a5e7800000) (1024K)]
  0x00000278b3fa8b10 JavaThread "Handler for socket connection from /127.0.0.1:65476 to /127.0.0.1:65497"        [_thread_in_native, id=14192, stack(0x000000a5e7800000,0x000000a5e7900000) (1024K)]
  0x00000278b42b4350 JavaThread "Cancel handler"                    [_thread_blocked, id=30068, stack(0x000000a5e6f00000,0x000000a5e7000000) (1024K)]
  0x00000278b400cbc0 JavaThread "Daemon worker"                     [_thread_in_Java, id=2956, stack(0x000000a5e7900000,0x000000a5e7a00000) (1024K)]
  0x00000278b400d250 JavaThread "Asynchronous log dispatcher for DefaultDaemonConnection: socket connection from /127.0.0.1:65476 to /127.0.0.1:65497"        [_thread_blocked, id=29228, stack(0x000000a5e7a00000,0x000000a5e7b00000) (1024K)]
  0x00000278b400c530 JavaThread "Stdin handler"                     [_thread_blocked, id=23056, stack(0x000000a5e7b00000,0x000000a5e7c00000) (1024K)]
  0x00000278b400d8e0 JavaThread "Daemon client event forwarder"        [_thread_blocked, id=18632, stack(0x000000a5e7c00000,0x000000a5e7d00000) (1024K)]
  0x00000278b400df70 JavaThread "Cache worker for journal cache (C:\Users\Noe Chavero\.gradle\caches\journal-1)"        [_thread_blocked, id=27808, stack(0x000000a5e7d00000,0x000000a5e7e00000) (1024K)]
  0x00000278b400e600 JavaThread "File lock request listener"        [_thread_in_native, id=31828, stack(0x000000a5e7e00000,0x000000a5e7f00000) (1024K)]
  0x00000278b400b180 JavaThread "Cache worker for file hash cache (C:\Users\Noe Chavero\.gradle\caches\9.3.1\fileHashes)"        [_thread_blocked, id=11612, stack(0x000000a5e7f00000,0x000000a5e8000000) (1024K)]
  0x00000278b400bea0 JavaThread "File lock release action executor"        [_thread_blocked, id=19884, stack(0x000000a5e8000000,0x000000a5e8100000) (1024K)]
  0x00000278b4853dd0 JavaThread "Cache worker for file hash cache (C:\Users\Noe Chavero\Downloads\descubre_dolores\android\.gradle\9.3.1\fileHashes)"        [_thread_blocked, id=3408, stack(0x000000a5e8400000,0x000000a5e8500000) (1024K)]
  0x00000278b4854460 JavaThread "Cache worker for Build Output Cleanup Cache (C:\Users\Noe Chavero\Downloads\descubre_dolores\android\.gradle\buildOutputCleanup)"        [_thread_blocked, id=18288, stack(0x000000a5e8500000,0x000000a5e8600000) (1024K)]
  0x00000278b4855180 JavaThread "File watcher server"        daemon [_thread_in_native, id=14960, stack(0x000000a5e8600000,0x000000a5e8700000) (1024K)]
  0x00000278b48530b0 JavaThread "File watcher consumer"      daemon [_thread_blocked, id=31332, stack(0x000000a5e8700000,0x000000a5e8800000) (1024K)]
  0x00000278b4852390 JavaThread "jar transforms"                    [_thread_blocked, id=17660, stack(0x000000a5e8800000,0x000000a5e8900000) (1024K)]
  0x00000278b4851d00 JavaThread "jar transforms Thread 2"           [_thread_blocked, id=25256, stack(0x000000a5e8900000,0x000000a5e8a00000) (1024K)]
  0x00000278b4856530 JavaThread "jar transforms Thread 3"           [_thread_blocked, id=31852, stack(0x000000a5e8a00000,0x000000a5e8b00000) (1024K)]
  0x00000278b4855ea0 JavaThread "Cache worker for checksums cache (C:\Users\Noe Chavero\Downloads\descubre_dolores\android\.gradle\9.3.1\checksums)"        [_thread_blocked, id=22080, stack(0x000000a5e8b00000,0x000000a5e8c00000) (1024K)]
  0x00000278b4855810 JavaThread "Cache worker for file content cache (C:\Users\Noe Chavero\.gradle\caches\9.3.1\fileContent)"        [_thread_blocked, id=25756, stack(0x000000a5e8c00000,0x000000a5e8d00000) (1024K)]
  0x00000278b4857f70 JavaThread "Cache worker for cache directory md-supplier (C:\Users\Noe Chavero\.gradle\caches\9.3.1\md-supplier)"        [_thread_blocked, id=18436, stack(0x000000a5e8d00000,0x000000a5e8e00000) (1024K)]
  0x00000278b4856bc0 JavaThread "Cache worker for cache directory md-rule (C:\Users\Noe Chavero\.gradle\caches\9.3.1\md-rule)"        [_thread_blocked, id=32236, stack(0x000000a5e8e00000,0x000000a5e8f00000) (1024K)]
  0x00000278b48578e0 JavaThread "jar transforms Thread 4"           [_thread_blocked, id=26680, stack(0x000000a5e8f00000,0x000000a5e9000000) (1024K)]
  0x00000278b4854af0 JavaThread "jar transforms Thread 5"           [_thread_blocked, id=13180, stack(0x000000a5e9000000,0x000000a5e9100000) (1024K)]
  0x00000278b4858c90 JavaThread "jar transforms Thread 6"           [_thread_blocked, id=2220, stack(0x000000a5e9100000,0x000000a5e9200000) (1024K)]
  0x00000278b4859320 JavaThread "jar transforms Thread 7"           [_thread_blocked, id=18424, stack(0x000000a5e9200000,0x000000a5e9300000) (1024K)]
  0x00000278b4b0e850 JavaThread "jar transforms Thread 8"           [_thread_blocked, id=10708, stack(0x000000a5e9300000,0x000000a5e9400000) (1024K)]
  0x00000278b4b11640 JavaThread "jar transforms Thread 9"           [_thread_blocked, id=31772, stack(0x000000a5e9400000,0x000000a5e9500000) (1024K)]
  0x00000278b4b11cd0 JavaThread "jar transforms Thread 10"          [_thread_blocked, id=17160, stack(0x000000a5e9500000,0x000000a5e9600000) (1024K)]
  0x00000278b4b10fb0 JavaThread "jar transforms Thread 11"          [_thread_blocked, id=12684, stack(0x000000a5e9600000,0x000000a5e9700000) (1024K)]
  0x00000278b4b0fc00 JavaThread "jar transforms Thread 12"          [_thread_blocked, id=20004, stack(0x000000a5e9700000,0x000000a5e9800000) (1024K)]
Total: 45

Other Threads:
  0x000002786c8454c0 VMThread "VM Thread"                           [id=29428, stack(0x000000a5e6000000,0x000000a5e6100000) (1024K)]
  0x000002786c8359a0 WatcherThread "VM Periodic Task Thread"        [id=10952, stack(0x000000a5e5f00000,0x000000a5e6000000) (1024K)]
  0x0000027837a27c20 WorkerThread "GC Thread#0"                     [id=2612, stack(0x000000a5e5a00000,0x000000a5e5b00000) (1024K)]
  0x000002786d522c20 WorkerThread "GC Thread#1"                     [id=24332, stack(0x000000a5e6b00000,0x000000a5e6c00000) (1024K)]
  0x000002786d662560 WorkerThread "GC Thread#2"                     [id=10980, stack(0x000000a5e6c00000,0x000000a5e6d00000) (1024K)]
  0x00000278b3269780 WorkerThread "GC Thread#3"                     [id=3300, stack(0x000000a5e6d00000,0x000000a5e6e00000) (1024K)]
  0x00000278b3269b30 WorkerThread "GC Thread#4"                     [id=15112, stack(0x000000a5e6e00000,0x000000a5e6f00000) (1024K)]
  0x00000278b40acea0 WorkerThread "GC Thread#5"                     [id=25732, stack(0x000000a5e7000000,0x000000a5e7100000) (1024K)]
  0x00000278b40ad250 WorkerThread "GC Thread#6"                     [id=25528, stack(0x000000a5e7100000,0x000000a5e7200000) (1024K)]
  0x00000278b3f8bc50 WorkerThread "GC Thread#7"                     [id=24704, stack(0x000000a5e7200000,0x000000a5e7300000) (1024K)]
  0x00000278b3f8c400 WorkerThread "GC Thread#8"                     [id=25232, stack(0x000000a5e7300000,0x000000a5e7400000) (1024K)]
  0x00000278b40fbca0 WorkerThread "GC Thread#9"                     [id=32664, stack(0x000000a5e8100000,0x000000a5e8200000) (1024K)]
  0x0000027837a38b20 ConcurrentGCThread "G1 Main Marker"            [id=32048, stack(0x000000a5e5b00000,0x000000a5e5c00000) (1024K)]
  0x0000027837a39540 WorkerThread "G1 Conc#0"                       [id=31428, stack(0x000000a5e5c00000,0x000000a5e5d00000) (1024K)]
  0x00000278b40fb190 WorkerThread "G1 Conc#1"                       [id=18328, stack(0x000000a5e8200000,0x000000a5e8300000) (1024K)]
  0x00000278b40fb540 WorkerThread "G1 Conc#2"                       [id=2728, stack(0x000000a5e8300000,0x000000a5e8400000) (1024K)]
  0x000002786c7089f0 ConcurrentGCThread "G1 Refine#0"               [id=17400, stack(0x000000a5e5d00000,0x000000a5e5e00000) (1024K)]
  0x000002786c709320 ConcurrentGCThread "G1 Service"                [id=19484, stack(0x000000a5e5e00000,0x000000a5e5f00000) (1024K)]
Total: 18

Threads with active compile tasks:
C2 CompilerThread0    24931 8403       4       org.objectweb.asm.ClassReader::accept (1419 bytes)
Total: 1

VM state: not at safepoint (normal execution)

VM Mutex/Monitor currently owned by a thread: None

Heap address: 0x0000000600000000, size: 8192 MB, Compressed Oops mode: Zero based, Oop shift amount: 3

CDS archive(s) mapped at: [0x000002786e000000-0x000002786ec90000-0x000002786ec90000), size 13172736, SharedBaseAddress: 0x000002786e000000, ArchiveRelocationMode: 1.
Compressed class space mapped at: 0x000002786f000000-0x00000278af000000, reserved size: 1073741824
Narrow klass base: 0x000002786e000000, Narrow klass shift: 0, Narrow klass range: 0x100000000

GC Precious Log:
 CardTable entry size: 512
 Card Set container configuration: InlinePtr #cards 4 size 8 Array Of Cards #cards 32 size 80 Howl #buckets 8 coarsen threshold 7372 Howl Bitmap #cards 1024 size 144 coarsen threshold 921 Card regions per heap region 1 cards per card region 8192
 CPUs: 12 total, 12 available
 Memory: 7439M
 Large Page Support: Disabled
 NUMA Support: Disabled
 Compressed Oops: Enabled (Zero based)
 Heap Region Size: 4M
 Heap Min Capacity: 8M
 Heap Initial Capacity: 120M
 Heap Max Capacity: 8G
 Pre-touch: Disabled
 Parallel Workers: 10
 Concurrent Workers: 3
 Concurrent Refinement Workers: 10
 Periodic GC: Disabled

Heap:
 garbage-first heap   total 622592K, used 232495K [0x0000000600000000, 0x0000000800000000)
  region size 4096K, 41 young (167936K), 5 survivors (20480K)
 Metaspace       used 51472K, committed 53120K, reserved 1114112K
  class space    used 7024K, committed 7808K, reserved 1048576K

Heap Regions: E=young(eden), S=young(survivor), O=old, HS=humongous(starts), HC=humongous(continues), CS=collection set, F=free, TAMS=top-at-mark-start, PB=parsable bottom
|   0|0x0000000600000000, 0x0000000600400000, 0x0000000600400000|100%|HS|  |TAMS 0x0000000600000000| PB 0x0000000600000000| Complete 
|   1|0x0000000600400000, 0x0000000600800000, 0x0000000600800000|100%| O|  |TAMS 0x0000000600400000| PB 0x0000000600400000| Untracked 
|   2|0x0000000600800000, 0x0000000600c00000, 0x0000000600c00000|100%| O|  |TAMS 0x0000000600800000| PB 0x0000000600800000| Untracked 
|   3|0x0000000600c00000, 0x0000000601000000, 0x0000000601000000|100%| O|  |TAMS 0x0000000600c00000| PB 0x0000000600c00000| Untracked 
|   4|0x0000000601000000, 0x0000000601400000, 0x0000000601400000|100%| O|  |TAMS 0x0000000601000000| PB 0x0000000601000000| Untracked 
|   5|0x0000000601400000, 0x0000000601800000, 0x0000000601800000|100%| O|  |TAMS 0x0000000601400000| PB 0x0000000601400000| Untracked 
|   6|0x0000000601800000, 0x0000000601c00000, 0x0000000601c00000|100%| O|  |TAMS 0x0000000601800000| PB 0x0000000601800000| Untracked 
|   7|0x0000000601c00000, 0x0000000602000000, 0x0000000602000000|100%| O|  |TAMS 0x0000000601c00000| PB 0x0000000601c00000| Untracked 
|   8|0x0000000602000000, 0x0000000602400000, 0x0000000602400000|100%| O|  |TAMS 0x0000000602000000| PB 0x0000000602000000| Untracked 
|   9|0x0000000602400000, 0x0000000602800000, 0x0000000602800000|100%| O|  |TAMS 0x0000000602400000| PB 0x0000000602400000| Untracked 
|  10|0x0000000602800000, 0x0000000602c00000, 0x0000000602c00000|100%| O|  |TAMS 0x0000000602800000| PB 0x0000000602800000| Untracked 
|  11|0x0000000602c00000, 0x0000000603000000, 0x0000000603000000|100%| O|  |TAMS 0x0000000602c00000| PB 0x0000000602c00000| Untracked 
|  12|0x0000000603000000, 0x0000000603400000, 0x0000000603400000|100%| O|  |TAMS 0x0000000603000000| PB 0x0000000603000000| Untracked 
|  13|0x0000000603400000, 0x0000000603800000, 0x0000000603800000|100%| O|  |TAMS 0x0000000603400000| PB 0x0000000603400000| Untracked 
|  14|0x0000000603800000, 0x0000000603c00000, 0x0000000603c00000|100%| O|  |TAMS 0x0000000603800000| PB 0x0000000603800000| Untracked 
|  15|0x0000000603c00000, 0x0000000604000000, 0x0000000604000000|100%| O|  |TAMS 0x0000000603c00000| PB 0x0000000603c00000| Untracked 
|  16|0x0000000604000000, 0x000000060430bd38, 0x0000000604400000| 76%| O|  |TAMS 0x0000000604000000| PB 0x0000000604000000| Untracked 
|  17|0x0000000604400000, 0x0000000604400000, 0x0000000604800000|  0%| F|  |TAMS 0x0000000604400000| PB 0x0000000604400000| Untracked 
|  18|0x0000000604800000, 0x0000000604800000, 0x0000000604c00000|  0%| F|  |TAMS 0x0000000604800000| PB 0x0000000604800000| Untracked 
|  19|0x0000000604c00000, 0x0000000604c00000, 0x0000000605000000|  0%| F|  |TAMS 0x0000000604c00000| PB 0x0000000604c00000| Untracked 
|  20|0x0000000605000000, 0x0000000605000000, 0x0000000605400000|  0%| F|  |TAMS 0x0000000605000000| PB 0x0000000605000000| Untracked 
|  21|0x0000000605400000, 0x0000000605400000, 0x0000000605800000|  0%| F|  |TAMS 0x0000000605400000| PB 0x0000000605400000| Untracked 
|  22|0x0000000605800000, 0x0000000605800000, 0x0000000605c00000|  0%| F|  |TAMS 0x0000000605800000| PB 0x0000000605800000| Untracked 
|  23|0x0000000605c00000, 0x0000000605c00000, 0x0000000606000000|  0%| F|  |TAMS 0x0000000605c00000| PB 0x0000000605c00000| Untracked 
|  24|0x0000000606000000, 0x0000000606000000, 0x0000000606400000|  0%| F|  |TAMS 0x0000000606000000| PB 0x0000000606000000| Untracked 
|  25|0x0000000606400000, 0x0000000606400000, 0x0000000606800000|  0%| F|  |TAMS 0x0000000606400000| PB 0x0000000606400000| Untracked 
|  26|0x0000000606800000, 0x0000000606800000, 0x0000000606c00000|  0%| F|  |TAMS 0x0000000606800000| PB 0x0000000606800000| Untracked 
|  27|0x0000000606c00000, 0x0000000606c00000, 0x0000000607000000|  0%| F|  |TAMS 0x0000000606c00000| PB 0x0000000606c00000| Untracked 
|  28|0x0000000607000000, 0x0000000607000000, 0x0000000607400000|  0%| F|  |TAMS 0x0000000607000000| PB 0x0000000607000000| Untracked 
|  29|0x0000000607400000, 0x0000000607400000, 0x0000000607800000|  0%| F|  |TAMS 0x0000000607400000| PB 0x0000000607400000| Untracked 
|  30|0x0000000607800000, 0x0000000607800000, 0x0000000607c00000|  0%| F|  |TAMS 0x0000000607800000| PB 0x0000000607800000| Untracked 
|  31|0x0000000607c00000, 0x0000000607c00000, 0x0000000608000000|  0%| F|  |TAMS 0x0000000607c00000| PB 0x0000000607c00000| Untracked 
|  32|0x0000000608000000, 0x0000000608000000, 0x0000000608400000|  0%| F|  |TAMS 0x0000000608000000| PB 0x0000000608000000| Untracked 
|  33|0x0000000608400000, 0x0000000608400000, 0x0000000608800000|  0%| F|  |TAMS 0x0000000608400000| PB 0x0000000608400000| Untracked 
|  34|0x0000000608800000, 0x0000000608800000, 0x0000000608c00000|  0%| F|  |TAMS 0x0000000608800000| PB 0x0000000608800000| Untracked 
|  35|0x0000000608c00000, 0x0000000608c00000, 0x0000000609000000|  0%| F|  |TAMS 0x0000000608c00000| PB 0x0000000608c00000| Untracked 
|  36|0x0000000609000000, 0x0000000609000000, 0x0000000609400000|  0%| F|  |TAMS 0x0000000609000000| PB 0x0000000609000000| Untracked 
|  37|0x0000000609400000, 0x0000000609400000, 0x0000000609800000|  0%| F|  |TAMS 0x0000000609400000| PB 0x0000000609400000| Untracked 
|  38|0x0000000609800000, 0x0000000609800000, 0x0000000609c00000|  0%| F|  |TAMS 0x0000000609800000| PB 0x0000000609800000| Untracked 
|  39|0x0000000609c00000, 0x0000000609c00000, 0x000000060a000000|  0%| F|  |TAMS 0x0000000609c00000| PB 0x0000000609c00000| Untracked 
|  40|0x000000060a000000, 0x000000060a000000, 0x000000060a400000|  0%| F|  |TAMS 0x000000060a000000| PB 0x000000060a000000| Untracked 
|  41|0x000000060a400000, 0x000000060a400000, 0x000000060a800000|  0%| F|  |TAMS 0x000000060a400000| PB 0x000000060a400000| Untracked 
|  42|0x000000060a800000, 0x000000060a800000, 0x000000060ac00000|  0%| F|  |TAMS 0x000000060a800000| PB 0x000000060a800000| Untracked 
|  43|0x000000060ac00000, 0x000000060ac00000, 0x000000060b000000|  0%| F|  |TAMS 0x000000060ac00000| PB 0x000000060ac00000| Untracked 
|  44|0x000000060b000000, 0x000000060b000000, 0x000000060b400000|  0%| F|  |TAMS 0x000000060b000000| PB 0x000000060b000000| Untracked 
|  45|0x000000060b400000, 0x000000060b400000, 0x000000060b800000|  0%| F|  |TAMS 0x000000060b400000| PB 0x000000060b400000| Untracked 
|  46|0x000000060b800000, 0x000000060bc00000, 0x000000060bc00000|100%| S|CS|TAMS 0x000000060b800000| PB 0x000000060b800000| Complete 
|  47|0x000000060bc00000, 0x000000060c000000, 0x000000060c000000|100%| S|CS|TAMS 0x000000060bc00000| PB 0x000000060bc00000| Complete 
|  48|0x000000060c000000, 0x000000060c400000, 0x000000060c400000|100%| S|CS|TAMS 0x000000060c000000| PB 0x000000060c000000| Complete 
|  49|0x000000060c400000, 0x000000060c800000, 0x000000060c800000|100%| S|CS|TAMS 0x000000060c400000| PB 0x000000060c400000| Complete 
|  50|0x000000060c800000, 0x000000060cc00000, 0x000000060cc00000|100%| S|CS|TAMS 0x000000060c800000| PB 0x000000060c800000| Complete 
|  51|0x000000060cc00000, 0x000000060cc00000, 0x000000060d000000|  0%| F|  |TAMS 0x000000060cc00000| PB 0x000000060cc00000| Untracked 
|  52|0x000000060d000000, 0x000000060d000000, 0x000000060d400000|  0%| F|  |TAMS 0x000000060d000000| PB 0x000000060d000000| Untracked 
|  53|0x000000060d400000, 0x000000060d400000, 0x000000060d800000|  0%| F|  |TAMS 0x000000060d400000| PB 0x000000060d400000| Untracked 
|  54|0x000000060d800000, 0x000000060d800000, 0x000000060dc00000|  0%| F|  |TAMS 0x000000060d800000| PB 0x000000060d800000| Untracked 
|  55|0x000000060dc00000, 0x000000060dc00000, 0x000000060e000000|  0%| F|  |TAMS 0x000000060dc00000| PB 0x000000060dc00000| Untracked 
|  56|0x000000060e000000, 0x000000060e000000, 0x000000060e400000|  0%| F|  |TAMS 0x000000060e000000| PB 0x000000060e000000| Untracked 
|  57|0x000000060e400000, 0x000000060e400000, 0x000000060e800000|  0%| F|  |TAMS 0x000000060e400000| PB 0x000000060e400000| Untracked 
|  58|0x000000060e800000, 0x000000060e800000, 0x000000060ec00000|  0%| F|  |TAMS 0x000000060e800000| PB 0x000000060e800000| Untracked 
|  59|0x000000060ec00000, 0x000000060ec00000, 0x000000060f000000|  0%| F|  |TAMS 0x000000060ec00000| PB 0x000000060ec00000| Untracked 
|  60|0x000000060f000000, 0x000000060f000000, 0x000000060f400000|  0%| F|  |TAMS 0x000000060f000000| PB 0x000000060f000000| Untracked 
|  61|0x000000060f400000, 0x000000060f400000, 0x000000060f800000|  0%| F|  |TAMS 0x000000060f400000| PB 0x000000060f400000| Untracked 
|  62|0x000000060f800000, 0x000000060f800000, 0x000000060fc00000|  0%| F|  |TAMS 0x000000060f800000| PB 0x000000060f800000| Untracked 
|  63|0x000000060fc00000, 0x000000060fc00000, 0x0000000610000000|  0%| F|  |TAMS 0x000000060fc00000| PB 0x000000060fc00000| Untracked 
|  64|0x0000000610000000, 0x0000000610000000, 0x0000000610400000|  0%| F|  |TAMS 0x0000000610000000| PB 0x0000000610000000| Untracked 
|  65|0x0000000610400000, 0x0000000610400000, 0x0000000610800000|  0%| F|  |TAMS 0x0000000610400000| PB 0x0000000610400000| Untracked 
|  66|0x0000000610800000, 0x0000000610800000, 0x0000000610c00000|  0%| F|  |TAMS 0x0000000610800000| PB 0x0000000610800000| Untracked 
|  67|0x0000000610c00000, 0x0000000610c00000, 0x0000000611000000|  0%| F|  |TAMS 0x0000000610c00000| PB 0x0000000610c00000| Untracked 
|  68|0x0000000611000000, 0x0000000611000000, 0x0000000611400000|  0%| F|  |TAMS 0x0000000611000000| PB 0x0000000611000000| Untracked 
|  69|0x0000000611400000, 0x0000000611400000, 0x0000000611800000|  0%| F|  |TAMS 0x0000000611400000| PB 0x0000000611400000| Untracked 
|  70|0x0000000611800000, 0x0000000611800000, 0x0000000611c00000|  0%| F|  |TAMS 0x0000000611800000| PB 0x0000000611800000| Untracked 
|  71|0x0000000611c00000, 0x0000000611c00000, 0x0000000612000000|  0%| F|  |TAMS 0x0000000611c00000| PB 0x0000000611c00000| Untracked 
|  72|0x0000000612000000, 0x0000000612000000, 0x0000000612400000|  0%| F|  |TAMS 0x0000000612000000| PB 0x0000000612000000| Untracked 
|  73|0x0000000612400000, 0x0000000612400000, 0x0000000612800000|  0%| F|  |TAMS 0x0000000612400000| PB 0x0000000612400000| Untracked 
|  74|0x0000000612800000, 0x0000000612800000, 0x0000000612c00000|  0%| F|  |TAMS 0x0000000612800000| PB 0x0000000612800000| Untracked 
|  75|0x0000000612c00000, 0x0000000612c00000, 0x0000000613000000|  0%| F|  |TAMS 0x0000000612c00000| PB 0x0000000612c00000| Untracked 
|  76|0x0000000613000000, 0x0000000613000000, 0x0000000613400000|  0%| F|  |TAMS 0x0000000613000000| PB 0x0000000613000000| Untracked 
|  77|0x0000000613400000, 0x0000000613400000, 0x0000000613800000|  0%| F|  |TAMS 0x0000000613400000| PB 0x0000000613400000| Untracked 
|  78|0x0000000613800000, 0x0000000613800000, 0x0000000613c00000|  0%| F|  |TAMS 0x0000000613800000| PB 0x0000000613800000| Untracked 
|  79|0x0000000613c00000, 0x0000000613c00000, 0x0000000614000000|  0%| F|  |TAMS 0x0000000613c00000| PB 0x0000000613c00000| Untracked 
|  80|0x0000000614000000, 0x0000000614000000, 0x0000000614400000|  0%| F|  |TAMS 0x0000000614000000| PB 0x0000000614000000| Untracked 
|  81|0x0000000614400000, 0x0000000614400000, 0x0000000614800000|  0%| F|  |TAMS 0x0000000614400000| PB 0x0000000614400000| Untracked 
|  82|0x0000000614800000, 0x0000000614800000, 0x0000000614c00000|  0%| F|  |TAMS 0x0000000614800000| PB 0x0000000614800000| Untracked 
|  83|0x0000000614c00000, 0x0000000614c00000, 0x0000000615000000|  0%| F|  |TAMS 0x0000000614c00000| PB 0x0000000614c00000| Untracked 
|  84|0x0000000615000000, 0x0000000615000000, 0x0000000615400000|  0%| F|  |TAMS 0x0000000615000000| PB 0x0000000615000000| Untracked 
|  85|0x0000000615400000, 0x0000000615400000, 0x0000000615800000|  0%| F|  |TAMS 0x0000000615400000| PB 0x0000000615400000| Untracked 
|  86|0x0000000615800000, 0x0000000615800000, 0x0000000615c00000|  0%| F|  |TAMS 0x0000000615800000| PB 0x0000000615800000| Untracked 
|  87|0x0000000615c00000, 0x0000000615c00000, 0x0000000616000000|  0%| F|  |TAMS 0x0000000615c00000| PB 0x0000000615c00000| Untracked 
|  88|0x0000000616000000, 0x0000000616000000, 0x0000000616400000|  0%| F|  |TAMS 0x0000000616000000| PB 0x0000000616000000| Untracked 
|  89|0x0000000616400000, 0x0000000616400000, 0x0000000616800000|  0%| F|  |TAMS 0x0000000616400000| PB 0x0000000616400000| Untracked 
|  90|0x0000000616800000, 0x0000000616800000, 0x0000000616c00000|  0%| F|  |TAMS 0x0000000616800000| PB 0x0000000616800000| Untracked 
|  91|0x0000000616c00000, 0x0000000616c00000, 0x0000000617000000|  0%| F|  |TAMS 0x0000000616c00000| PB 0x0000000616c00000| Untracked 
|  92|0x0000000617000000, 0x0000000617000000, 0x0000000617400000|  0%| F|  |TAMS 0x0000000617000000| PB 0x0000000617000000| Untracked 
|  93|0x0000000617400000, 0x0000000617400000, 0x0000000617800000|  0%| F|  |TAMS 0x0000000617400000| PB 0x0000000617400000| Untracked 
|  94|0x0000000617800000, 0x0000000617800000, 0x0000000617c00000|  0%| F|  |TAMS 0x0000000617800000| PB 0x0000000617800000| Untracked 
|  95|0x0000000617c00000, 0x0000000617c00000, 0x0000000618000000|  0%| F|  |TAMS 0x0000000617c00000| PB 0x0000000617c00000| Untracked 
|  96|0x0000000618000000, 0x0000000618000000, 0x0000000618400000|  0%| F|  |TAMS 0x0000000618000000| PB 0x0000000618000000| Untracked 
|  97|0x0000000618400000, 0x0000000618400000, 0x0000000618800000|  0%| F|  |TAMS 0x0000000618400000| PB 0x0000000618400000| Untracked 
|  98|0x0000000618800000, 0x0000000618800000, 0x0000000618c00000|  0%| F|  |TAMS 0x0000000618800000| PB 0x0000000618800000| Untracked 
|  99|0x0000000618c00000, 0x0000000618c00000, 0x0000000619000000|  0%| F|  |TAMS 0x0000000618c00000| PB 0x0000000618c00000| Untracked 
| 100|0x0000000619000000, 0x0000000619000000, 0x0000000619400000|  0%| F|  |TAMS 0x0000000619000000| PB 0x0000000619000000| Untracked 
| 101|0x0000000619400000, 0x0000000619400000, 0x0000000619800000|  0%| F|  |TAMS 0x0000000619400000| PB 0x0000000619400000| Untracked 
| 102|0x0000000619800000, 0x0000000619800000, 0x0000000619c00000|  0%| F|  |TAMS 0x0000000619800000| PB 0x0000000619800000| Untracked 
| 103|0x0000000619c00000, 0x0000000619c00000, 0x000000061a000000|  0%| F|  |TAMS 0x0000000619c00000| PB 0x0000000619c00000| Untracked 
| 104|0x000000061a000000, 0x000000061a000000, 0x000000061a400000|  0%| F|  |TAMS 0x000000061a000000| PB 0x000000061a000000| Untracked 
| 105|0x000000061a400000, 0x000000061a400000, 0x000000061a800000|  0%| F|  |TAMS 0x000000061a400000| PB 0x000000061a400000| Untracked 
| 106|0x000000061a800000, 0x000000061a800000, 0x000000061ac00000|  0%| F|  |TAMS 0x000000061a800000| PB 0x000000061a800000| Untracked 
| 107|0x000000061ac00000, 0x000000061ac00000, 0x000000061b000000|  0%| F|  |TAMS 0x000000061ac00000| PB 0x000000061ac00000| Untracked 
| 108|0x000000061b000000, 0x000000061b000000, 0x000000061b400000|  0%| F|  |TAMS 0x000000061b000000| PB 0x000000061b000000| Untracked 
| 109|0x000000061b400000, 0x000000061b400000, 0x000000061b800000|  0%| F|  |TAMS 0x000000061b400000| PB 0x000000061b400000| Untracked 
| 110|0x000000061b800000, 0x000000061b800000, 0x000000061bc00000|  0%| F|  |TAMS 0x000000061b800000| PB 0x000000061b800000| Untracked 
| 111|0x000000061bc00000, 0x000000061bc00000, 0x000000061c000000|  0%| F|  |TAMS 0x000000061bc00000| PB 0x000000061bc00000| Untracked 
| 112|0x000000061c000000, 0x000000061c000000, 0x000000061c400000|  0%| F|  |TAMS 0x000000061c000000| PB 0x000000061c000000| Untracked 
| 113|0x000000061c400000, 0x000000061c400000, 0x000000061c800000|  0%| F|  |TAMS 0x000000061c400000| PB 0x000000061c400000| Untracked 
| 114|0x000000061c800000, 0x000000061c800000, 0x000000061cc00000|  0%| F|  |TAMS 0x000000061c800000| PB 0x000000061c800000| Untracked 
| 115|0x000000061cc00000, 0x000000061ce1b1c0, 0x000000061d000000| 52%| E|  |TAMS 0x000000061cc00000| PB 0x000000061cc00000| Complete 
| 116|0x000000061d000000, 0x000000061d400000, 0x000000061d400000|100%| E|CS|TAMS 0x000000061d000000| PB 0x000000061d000000| Complete 
| 117|0x000000061d400000, 0x000000061d800000, 0x000000061d800000|100%| E|CS|TAMS 0x000000061d400000| PB 0x000000061d400000| Complete 
| 118|0x000000061d800000, 0x000000061dc00000, 0x000000061dc00000|100%| E|CS|TAMS 0x000000061d800000| PB 0x000000061d800000| Complete 
| 119|0x000000061dc00000, 0x000000061e000000, 0x000000061e000000|100%| E|CS|TAMS 0x000000061dc00000| PB 0x000000061dc00000| Complete 
| 120|0x000000061e000000, 0x000000061e400000, 0x000000061e400000|100%| E|CS|TAMS 0x000000061e000000| PB 0x000000061e000000| Complete 
| 121|0x000000061e400000, 0x000000061e800000, 0x000000061e800000|100%| E|CS|TAMS 0x000000061e400000| PB 0x000000061e400000| Complete 
| 122|0x000000061e800000, 0x000000061ec00000, 0x000000061ec00000|100%| E|CS|TAMS 0x000000061e800000| PB 0x000000061e800000| Complete 
| 123|0x000000061ec00000, 0x000000061f000000, 0x000000061f000000|100%| E|CS|TAMS 0x000000061ec00000| PB 0x000000061ec00000| Complete 
| 124|0x000000061f000000, 0x000000061f400000, 0x000000061f400000|100%| E|CS|TAMS 0x000000061f000000| PB 0x000000061f000000| Complete 
| 125|0x000000061f400000, 0x000000061f800000, 0x000000061f800000|100%| E|CS|TAMS 0x000000061f400000| PB 0x000000061f400000| Complete 
| 126|0x000000061f800000, 0x000000061fc00000, 0x000000061fc00000|100%| E|CS|TAMS 0x000000061f800000| PB 0x000000061f800000| Complete 
| 127|0x000000061fc00000, 0x0000000620000000, 0x0000000620000000|100%| E|CS|TAMS 0x000000061fc00000| PB 0x000000061fc00000| Complete 
| 128|0x0000000620000000, 0x0000000620400000, 0x0000000620400000|100%| E|CS|TAMS 0x0000000620000000| PB 0x0000000620000000| Complete 
| 129|0x0000000620400000, 0x0000000620800000, 0x0000000620800000|100%| E|CS|TAMS 0x0000000620400000| PB 0x0000000620400000| Complete 
| 130|0x0000000620800000, 0x0000000620c00000, 0x0000000620c00000|100%| E|CS|TAMS 0x0000000620800000| PB 0x0000000620800000| Complete 
| 131|0x0000000620c00000, 0x0000000621000000, 0x0000000621000000|100%| E|CS|TAMS 0x0000000620c00000| PB 0x0000000620c00000| Complete 
| 132|0x0000000621000000, 0x0000000621400000, 0x0000000621400000|100%| E|CS|TAMS 0x0000000621000000| PB 0x0000000621000000| Complete 
| 133|0x0000000621400000, 0x0000000621800000, 0x0000000621800000|100%| E|CS|TAMS 0x0000000621400000| PB 0x0000000621400000| Complete 
| 134|0x0000000621800000, 0x0000000621c00000, 0x0000000621c00000|100%| E|CS|TAMS 0x0000000621800000| PB 0x0000000621800000| Complete 
| 135|0x0000000621c00000, 0x0000000622000000, 0x0000000622000000|100%| E|CS|TAMS 0x0000000621c00000| PB 0x0000000621c00000| Complete 
| 136|0x0000000622000000, 0x0000000622400000, 0x0000000622400000|100%| E|CS|TAMS 0x0000000622000000| PB 0x0000000622000000| Complete 
| 137|0x0000000622400000, 0x0000000622800000, 0x0000000622800000|100%| E|CS|TAMS 0x0000000622400000| PB 0x0000000622400000| Complete 
| 138|0x0000000622800000, 0x0000000622c00000, 0x0000000622c00000|100%| E|CS|TAMS 0x0000000622800000| PB 0x0000000622800000| Complete 
| 139|0x0000000622c00000, 0x0000000623000000, 0x0000000623000000|100%| E|CS|TAMS 0x0000000622c00000| PB 0x0000000622c00000| Complete 
| 140|0x0000000623000000, 0x0000000623400000, 0x0000000623400000|100%| E|CS|TAMS 0x0000000623000000| PB 0x0000000623000000| Complete 
| 141|0x0000000623400000, 0x0000000623800000, 0x0000000623800000|100%| E|CS|TAMS 0x0000000623400000| PB 0x0000000623400000| Complete 
| 142|0x0000000623800000, 0x0000000623c00000, 0x0000000623c00000|100%| E|CS|TAMS 0x0000000623800000| PB 0x0000000623800000| Complete 
| 143|0x0000000623c00000, 0x0000000624000000, 0x0000000624000000|100%| E|CS|TAMS 0x0000000623c00000| PB 0x0000000623c00000| Complete 
| 144|0x0000000624000000, 0x0000000624400000, 0x0000000624400000|100%| E|CS|TAMS 0x0000000624000000| PB 0x0000000624000000| Complete 
| 145|0x0000000624400000, 0x0000000624800000, 0x0000000624800000|100%| E|CS|TAMS 0x0000000624400000| PB 0x0000000624400000| Complete 
| 146|0x0000000624800000, 0x0000000624c00000, 0x0000000624c00000|100%| E|CS|TAMS 0x0000000624800000| PB 0x0000000624800000| Complete 
| 147|0x0000000624c00000, 0x0000000625000000, 0x0000000625000000|100%| E|CS|TAMS 0x0000000624c00000| PB 0x0000000624c00000| Complete 
| 148|0x0000000625000000, 0x0000000625400000, 0x0000000625400000|100%| E|CS|TAMS 0x0000000625000000| PB 0x0000000625000000| Complete 
| 149|0x0000000625400000, 0x0000000625800000, 0x0000000625800000|100%| E|CS|TAMS 0x0000000625400000| PB 0x0000000625400000| Complete 
| 150|0x0000000625800000, 0x0000000625c00000, 0x0000000625c00000|100%| E|CS|TAMS 0x0000000625800000| PB 0x0000000625800000| Complete 
| 151|0x0000000625c00000, 0x0000000626000000, 0x0000000626000000|100%| E|CS|TAMS 0x0000000625c00000| PB 0x0000000625c00000| Complete 

Card table byte_map: [0x00000278615a0000,0x00000278625a0000] _byte_map_base: 0x000002785e5a0000

Marking Bits: (CMBitMap*) 0x0000027837a28240
 Bits: [0x00000278625a0000, 0x000002786a5a0000)

Polling page: 0x0000027835890000

Metaspace:

Usage:
  Non-class:     43.41 MB used.
      Class:      6.86 MB used.
       Both:     50.27 MB used.

Virtual space:
  Non-class space:       64.00 MB reserved,      44.25 MB ( 69%) committed,  1 nodes.
      Class space:        1.00 GB reserved,       7.62 MB ( <1%) committed,  1 nodes.
             Both:        1.06 GB reserved,      51.88 MB (  5%) committed. 

Chunk freelists:
   Non-Class:  3.78 MB
       Class:  8.25 MB
        Both:  12.03 MB

MaxMetaspaceSize: 4.00 GB
CompressedClassSpaceSize: 1.00 GB
Initial GC threshold: 21.00 MB
Current GC threshold: 59.50 MB
CDS: on
 - commit_granule_bytes: 65536.
 - commit_granule_words: 8192.
 - virtual_space_node_default_size: 8388608.
 - enlarge_chunks_in_place: 1.
 - use_allocation_guard: 0.


Internal statistics:

num_allocs_failed_limit: 9.
num_arena_births: 2816.
num_arena_deaths: 0.
num_vsnodes_births: 2.
num_vsnodes_deaths: 0.
num_space_committed: 830.
num_space_uncommitted: 0.
num_chunks_returned_to_freelist: 9.
num_chunks_taken_from_freelist: 5116.
num_chunk_merges: 6.
num_chunk_splits: 3372.
num_chunks_enlarged: 2128.
num_inconsistent_stats: 0.

CodeHeap 'non-profiled nmethods': size=259264Kb used=6463Kb max_used=6463Kb free=252800Kb
 bounds [0x0000027850100000, 0x0000027850750000, 0x000002785fe30000]
CodeHeap 'profiled nmethods': size=259264Kb used=16017Kb max_used=16017Kb free=243246Kb
 bounds [0x000002783fe30000, 0x0000027840de0000, 0x000002784fb60000]
CodeHeap 'non-nmethods': size=5760Kb used=2215Kb max_used=2311Kb free=3544Kb
 bounds [0x000002784fb60000, 0x000002784fdd0000, 0x0000027850100000]
 total_blobs=8684 nmethods=7934 adapters=653
 compilation: enabled
              stopped_count=0, restarted_count=0
 full_count=0

Compilation events (20 events):
Event: 24.767 Thread 0x000002786c880040 8410       1       java.util.zip.ZipEntry::getComment (5 bytes)
Event: 24.767 Thread 0x000002786c880040 nmethod 8410 0x000002785074f690 code [0x000002785074f820, 0x000002785074f8f0]
Event: 24.767 Thread 0x000002786c880040 8411       1       org.apache.commons.compress.archivers.zip.ZipArchiveEntry::getInternalAttributes (5 bytes)
Event: 24.767 Thread 0x000002786c880040 nmethod 8411 0x000002785074f990 code [0x000002785074fb20, 0x000002785074fbf0]
Event: 24.767 Thread 0x000002786c880040 8412       1       org.apache.commons.compress.archivers.zip.ZipArchiveEntry::getExternalAttributes (5 bytes)
Event: 24.767 Thread 0x000002786c880040 nmethod 8412 0x000002785074fc90 code [0x000002785074fe20, 0x000002785074fee8]
Event: 24.768 Thread 0x000002786c880040 8417       3       org.apache.commons.compress.archivers.zip.ZipArchiveOutputStream::createCentralFileHeader (140 bytes)
Event: 24.770 Thread 0x000002786c880040 nmethod 8417 0x0000027840dc9410 code [0x0000027840dc9680, 0x0000027840dca240]
Event: 24.770 Thread 0x000002786c880040 8418       3       org.apache.commons.compress.archivers.zip.ZipArchiveOutputStream::handleZip64Extra (203 bytes)
Event: 24.770 Thread 0x000002786c880040 nmethod 8418 0x0000027840dca610 code [0x0000027840dca920, 0x0000027840dcbc80]
Event: 24.770 Thread 0x000002786c880040 8420       3       org.apache.commons.compress.archivers.zip.ZipArchiveEntry::getCentralDirectoryExtra (8 bytes)
Event: 24.771 Thread 0x000002786c880040 nmethod 8420 0x0000027840dcc110 code [0x0000027840dcc300, 0x0000027840dcc860]
Event: 24.771 Thread 0x000002786c880040 8421       3       org.apache.commons.compress.archivers.zip.ExtraFieldUtils::mergeCentralDirectoryData (232 bytes)
Event: 24.771 Thread 0x000002786c880040 nmethod 8421 0x0000027840dcc990 code [0x0000027840dccc40, 0x0000027840dcda20]
Event: 24.771 Thread 0x000002786c880040 8426       3       org.apache.commons.compress.archivers.zip.ZipArchiveOutputStream::createCentralFileHeader (647 bytes)
Event: 24.774 Thread 0x000002786c880040 nmethod 8426 0x0000027840dcdf10 code [0x0000027840dce600, 0x0000027840dd21b8]
Event: 24.784 Thread 0x000002786c880040 8429       3       java.io.BufferedOutputStream::implWrite (71 bytes)
Event: 24.785 Thread 0x000002786c880040 nmethod 8429 0x0000027840dd3790 code [0x0000027840dd39a0, 0x0000027840dd4080]
Event: 24.832 Thread 0x000002786c880040 8434  s    2       java.io.ByteArrayOutputStream::reset (6 bytes)
Event: 24.833 Thread 0x000002786c880040 nmethod 8434 0x0000027840dd4290 code [0x0000027840dd4420, 0x0000027840dd45e8]

GC Heap History (20 events):
Event: 21.343 GC heap before
{Heap before GC invocations=44 (full 0):
 garbage-first heap   total 344064K, used 263427K [0x0000000600000000, 0x0000000800000000)
  region size 4096K, 50 young (204800K), 4 survivors (16384K)
 Metaspace       used 51421K, committed 53056K, reserved 1114112K
  class space    used 7024K, committed 7808K, reserved 1048576K
}
Event: 21.347 GC heap after
{Heap after GC invocations=45 (full 0):
 garbage-first heap   total 344064K, used 76017K [0x0000000600000000, 0x0000000800000000)
  region size 4096K, 4 young (16384K), 4 survivors (16384K)
 Metaspace       used 51421K, committed 53056K, reserved 1114112K
  class space    used 7024K, committed 7808K, reserved 1048576K
}
Event: 21.521 GC heap before
{Heap before GC invocations=45 (full 0):
 garbage-first heap   total 344064K, used 264433K [0x0000000600000000, 0x0000000800000000)
  region size 4096K, 50 young (204800K), 4 survivors (16384K)
 Metaspace       used 51421K, committed 53056K, reserved 1114112K
  class space    used 7024K, committed 7808K, reserved 1048576K
}
Event: 21.527 GC heap after
{Heap after GC invocations=46 (full 0):
 garbage-first heap   total 421888K, used 77004K [0x0000000600000000, 0x0000000800000000)
  region size 4096K, 4 young (16384K), 4 survivors (16384K)
 Metaspace       used 51421K, committed 53056K, reserved 1114112K
  class space    used 7024K, committed 7808K, reserved 1048576K
}
Event: 21.784 GC heap before
{Heap before GC invocations=46 (full 0):
 garbage-first heap   total 421888K, used 310476K [0x0000000600000000, 0x0000000800000000)
  region size 4096K, 61 young (249856K), 4 survivors (16384K)
 Metaspace       used 51421K, committed 53056K, reserved 1114112K
  class space    used 7024K, committed 7808K, reserved 1048576K
}
Event: 21.791 GC heap after
{Heap after GC invocations=47 (full 0):
 garbage-first heap   total 421888K, used 78965K [0x0000000600000000, 0x0000000800000000)
  region size 4096K, 4 young (16384K), 4 survivors (16384K)
 Metaspace       used 51421K, committed 53056K, reserved 1114112K
  class space    used 7024K, committed 7808K, reserved 1048576K
}
Event: 22.032 GC heap before
{Heap before GC invocations=47 (full 0):
 garbage-first heap   total 421888K, used 312437K [0x0000000600000000, 0x0000000800000000)
  region size 4096K, 61 young (249856K), 4 survivors (16384K)
 Metaspace       used 51423K, committed 53056K, reserved 1114112K
  class space    used 7024K, committed 7808K, reserved 1048576K
}
Event: 22.039 GC heap after
{Heap after GC invocations=48 (full 0):
 garbage-first heap   total 421888K, used 80620K [0x0000000600000000, 0x0000000800000000)
  region size 4096K, 4 young (16384K), 4 survivors (16384K)
 Metaspace       used 51423K, committed 53056K, reserved 1114112K
  class space    used 7024K, committed 7808K, reserved 1048576K
}
Event: 22.409 GC heap before
{Heap before GC invocations=48 (full 0):
 garbage-first heap   total 421888K, used 314092K [0x0000000600000000, 0x0000000800000000)
  region size 4096K, 61 young (249856K), 4 survivors (16384K)
 Metaspace       used 51423K, committed 53056K, reserved 1114112K
  class space    used 7024K, committed 7808K, reserved 1048576K
}
Event: 22.416 GC heap after
{Heap after GC invocations=49 (full 0):
 garbage-first heap   total 421888K, used 81721K [0x0000000600000000, 0x0000000800000000)
  region size 4096K, 4 young (16384K), 4 survivors (16384K)
 Metaspace       used 51423K, committed 53056K, reserved 1114112K
  class space    used 7024K, committed 7808K, reserved 1048576K
}
Event: 22.906 GC heap before
{Heap before GC invocations=49 (full 0):
 garbage-first heap   total 421888K, used 311097K [0x0000000600000000, 0x0000000800000000)
  region size 4096K, 61 young (249856K), 4 survivors (16384K)
 Metaspace       used 51427K, committed 53056K, reserved 1114112K
  class space    used 7024K, committed 7808K, reserved 1048576K
}
Event: 22.914 GC heap after
{Heap after GC invocations=50 (full 0):
 garbage-first heap   total 516096K, used 82733K [0x0000000600000000, 0x0000000800000000)
  region size 4096K, 5 young (20480K), 5 survivors (20480K)
 Metaspace       used 51427K, committed 53056K, reserved 1114112K
  class space    used 7024K, committed 7808K, reserved 1048576K
}
Event: 23.341 GC heap before
{Heap before GC invocations=50 (full 0):
 garbage-first heap   total 516096K, used 369453K [0x0000000600000000, 0x0000000800000000)
  region size 4096K, 75 young (307200K), 5 survivors (20480K)
 Metaspace       used 51429K, committed 53056K, reserved 1114112K
  class space    used 7024K, committed 7808K, reserved 1048576K
}
Event: 23.350 GC heap after
{Heap after GC invocations=51 (full 0):
 garbage-first heap   total 516096K, used 84270K [0x0000000600000000, 0x0000000800000000)
  region size 4096K, 5 young (20480K), 5 survivors (20480K)
 Metaspace       used 51429K, committed 53056K, reserved 1114112K
  class space    used 7024K, committed 7808K, reserved 1048576K
}
Event: 23.782 GC heap before
{Heap before GC invocations=51 (full 0):
 garbage-first heap   total 516096K, used 370990K [0x0000000600000000, 0x0000000800000000)
  region size 4096K, 75 young (307200K), 5 survivors (20480K)
 Metaspace       used 51445K, committed 53056K, reserved 1114112K
  class space    used 7024K, committed 7808K, reserved 1048576K
}
Event: 23.790 GC heap after
{Heap after GC invocations=52 (full 0):
 garbage-first heap   total 516096K, used 86310K [0x0000000600000000, 0x0000000800000000)
  region size 4096K, 5 young (20480K), 5 survivors (20480K)
 Metaspace       used 51445K, committed 53056K, reserved 1114112K
  class space    used 7024K, committed 7808K, reserved 1048576K
}
Event: 24.182 GC heap before
{Heap before GC invocations=52 (full 0):
 garbage-first heap   total 516096K, used 373030K [0x0000000600000000, 0x0000000800000000)
  region size 4096K, 75 young (307200K), 5 survivors (20480K)
 Metaspace       used 51448K, committed 53120K, reserved 1114112K
  class space    used 7024K, committed 7808K, reserved 1048576K
}
Event: 24.192 GC heap after
{Heap after GC invocations=53 (full 0):
 garbage-first heap   total 516096K, used 88408K [0x0000000600000000, 0x0000000800000000)
  region size 4096K, 5 young (20480K), 5 survivors (20480K)
 Metaspace       used 51448K, committed 53120K, reserved 1114112K
  class space    used 7024K, committed 7808K, reserved 1048576K
}
Event: 24.643 GC heap before
{Heap before GC invocations=53 (full 0):
 garbage-first heap   total 516096K, used 375128K [0x0000000600000000, 0x0000000800000000)
  region size 4096K, 75 young (307200K), 5 survivors (20480K)
 Metaspace       used 51463K, committed 53120K, reserved 1114112K
  class space    used 7024K, committed 7808K, reserved 1048576K
}
Event: 24.656 GC heap after
{Heap after GC invocations=54 (full 0):
 garbage-first heap   total 622592K, used 89135K [0x0000000600000000, 0x0000000800000000)
  region size 4096K, 5 young (20480K), 5 survivors (20480K)
 Metaspace       used 51463K, committed 53120K, reserved 1114112K
  class space    used 7024K, committed 7808K, reserved 1048576K
}

Dll operation events (15 events):
Event: 0.021 Loaded shared library C:\Program Files\Java\jdk-21.0.11\bin\java.dll
Event: 0.067 Loaded shared library C:\Program Files\Java\jdk-21.0.11\bin\jsvml.dll
Event: 0.176 Loaded shared library C:\Program Files\Java\jdk-21.0.11\bin\zip.dll
Event: 0.187 Loaded shared library C:\Program Files\Java\jdk-21.0.11\bin\instrument.dll
Event: 0.204 Loaded shared library C:\Program Files\Java\jdk-21.0.11\bin\net.dll
Event: 0.210 Loaded shared library C:\Program Files\Java\jdk-21.0.11\bin\nio.dll
Event: 0.215 Loaded shared library C:\Program Files\Java\jdk-21.0.11\bin\zip.dll
Event: 0.806 Loaded shared library C:\Program Files\Java\jdk-21.0.11\bin\jimage.dll
Event: 1.399 Loaded shared library C:\Program Files\Java\jdk-21.0.11\bin\verify.dll
Event: 1.470 Loaded shared library C:\Users\Noe Chavero\.gradle\native\660c5614fbf4a5f2a75b1949f50a0caf5cd603558e7d8a26e50b933a0cfb79d1\windows-amd64\native-platform.dll
Event: 1.487 Loaded shared library C:\Users\Noe Chavero\.gradle\native\0.2.8\x86_64-windows-gnu\gradle-fileevents.dll
Event: 3.974 Loaded shared library C:\Program Files\Java\jdk-21.0.11\bin\management.dll
Event: 3.981 Loaded shared library C:\Program Files\Java\jdk-21.0.11\bin\management_ext.dll
Event: 4.238 Loaded shared library C:\Program Files\Java\jdk-21.0.11\bin\extnet.dll
Event: 4.570 Loaded shared library C:\Program Files\Java\jdk-21.0.11\bin\sunmscapi.dll

Deoptimization events (20 events):
Event: 24.766 Thread 0x00000278b400cbc0 Uncommon trap: trap_request=0xffffffde fr.pc=0x00000278506b48e4 relative=0x0000000000000184
Event: 24.766 Thread 0x00000278b400cbc0 Uncommon trap: reason=class_check action=maybe_recompile pc=0x00000278506b48e4 method=java.io.OutputStream.write([B)V @ 5 c2
Event: 24.766 Thread 0x00000278b400cbc0 DEOPT PACKING pc=0x00000278506b48e4 sp=0x000000a5e79f7910
Event: 24.766 Thread 0x00000278b400cbc0 DEOPT UNPACKING pc=0x000002784fbb7da2 sp=0x000000a5e79f78e8 mode 2
Event: 24.766 Thread 0x00000278b400cbc0 Uncommon trap: trap_request=0xffffffde fr.pc=0x00000278506b48e4 relative=0x0000000000000184
Event: 24.766 Thread 0x00000278b400cbc0 Uncommon trap: reason=class_check action=maybe_recompile pc=0x00000278506b48e4 method=java.io.OutputStream.write([B)V @ 5 c2
Event: 24.766 Thread 0x00000278b400cbc0 DEOPT PACKING pc=0x00000278506b48e4 sp=0x000000a5e79f7910
Event: 24.766 Thread 0x00000278b400cbc0 DEOPT UNPACKING pc=0x000002784fbb7da2 sp=0x000000a5e79f78e8 mode 2
Event: 24.766 Thread 0x00000278b400cbc0 Uncommon trap: trap_request=0xffffffde fr.pc=0x00000278506b48e4 relative=0x0000000000000184
Event: 24.766 Thread 0x00000278b400cbc0 Uncommon trap: reason=class_check action=maybe_recompile pc=0x00000278506b48e4 method=java.io.OutputStream.write([B)V @ 5 c2
Event: 24.766 Thread 0x00000278b400cbc0 DEOPT PACKING pc=0x00000278506b48e4 sp=0x000000a5e79f7910
Event: 24.766 Thread 0x00000278b400cbc0 DEOPT UNPACKING pc=0x000002784fbb7da2 sp=0x000000a5e79f78e8 mode 2
Event: 24.766 Thread 0x00000278b400cbc0 Uncommon trap: trap_request=0xffffffde fr.pc=0x00000278506b48e4 relative=0x0000000000000184
Event: 24.766 Thread 0x00000278b400cbc0 Uncommon trap: reason=class_check action=maybe_recompile pc=0x00000278506b48e4 method=java.io.OutputStream.write([B)V @ 5 c2
Event: 24.766 Thread 0x00000278b400cbc0 DEOPT PACKING pc=0x00000278506b48e4 sp=0x000000a5e79f7910
Event: 24.766 Thread 0x00000278b400cbc0 DEOPT UNPACKING pc=0x000002784fbb7da2 sp=0x000000a5e79f78e8 mode 2
Event: 24.774 Thread 0x00000278b400cbc0 Uncommon trap: trap_request=0xffffff45 fr.pc=0x000002785053ad34 relative=0x0000000000001214
Event: 24.774 Thread 0x00000278b400cbc0 Uncommon trap: reason=unstable_if action=reinterpret pc=0x000002785053ad34 method=java.io.BufferedOutputStream.implWrite([BII)V @ 5 c2
Event: 24.774 Thread 0x00000278b400cbc0 DEOPT PACKING pc=0x000002785053ad34 sp=0x000000a5e79f7790
Event: 24.774 Thread 0x00000278b400cbc0 DEOPT UNPACKING pc=0x000002784fbb7da2 sp=0x000000a5e79f77f8 mode 2

Classes loaded (20 events):
Event: 14.499 Loading class java/util/concurrent/LinkedBlockingDeque$Itr
Event: 14.500 Loading class java/util/concurrent/LinkedBlockingDeque$AbstractItr
Event: 14.500 Loading class java/util/concurrent/LinkedBlockingDeque$AbstractItr done
Event: 14.500 Loading class java/util/concurrent/LinkedBlockingDeque$Itr done
Event: 15.455 Loading class java/nio/charset/UnsupportedCharsetException
Event: 15.458 Loading class java/nio/charset/UnsupportedCharsetException done
Event: 15.460 Loading class java/util/Collections$UnmodifiableSortedMap
Event: 15.460 Loading class java/util/Collections$UnmodifiableSortedMap done
Event: 15.463 Loading class java/util/zip/Deflater
Event: 15.463 Loading class java/util/zip/Deflater done
Event: 15.465 Loading class java/util/zip/Deflater$DeflaterZStreamRef
Event: 15.465 Loading class java/util/zip/Deflater$DeflaterZStreamRef done
Event: 15.472 Loading class java/util/zip/ZipFile$ZipEntryIterator
Event: 15.472 Loading class java/util/zip/ZipFile$ZipEntryIterator done
Event: 15.505 Loading class java/nio/StringCharBuffer
Event: 15.505 Loading class java/nio/StringCharBuffer done
Event: 15.591 Loading class java/lang/foreign/MemorySegment
Event: 15.592 Loading class java/lang/foreign/MemorySegment done
Event: 17.518 Loading class java/util/regex/Pattern$Caret
Event: 17.519 Loading class java/util/regex/Pattern$Caret done

Classes unloaded (0 events):
No events

Classes redefined (0 events):
No events

Internal exceptions (20 events):
Event: 12.546 Thread 0x00000278b4852390 Exception <a 'sun/nio/fs/WindowsException'{0x0000000607b575c0}> (0x0000000607b575c0) 
thrown [s\open\src\hotspot\share\prims\jni.cpp, line 520]
Event: 12.547 Thread 0x00000278b4852390 Exception <a 'sun/nio/fs/WindowsException'{0x0000000607b603f8}> (0x0000000607b603f8) 
thrown [s\open\src\hotspot\share\prims\jni.cpp, line 520]
Event: 12.579 Thread 0x00000278b400cbc0 Exception <a 'java/lang/IncompatibleClassChangeError'{0x0000000607430888}: Found class java.lang.Object, but interface was expected> (0x0000000607430888) 
thrown [s\open\src\hotspot\share\interpreter\linkResolver.cpp, line 840]
Event: 12.596 Thread 0x00000278b400cbc0 Exception <a 'sun/nio/fs/WindowsException'{0x00000006074f53a0}> (0x00000006074f53a0) 
thrown [s\open\src\hotspot\share\prims\jni.cpp, line 520]
Event: 12.597 Thread 0x00000278b400cbc0 Exception <a 'sun/nio/fs/WindowsException'{0x00000006074f6b98}> (0x00000006074f6b98) 
thrown [s\open\src\hotspot\share\prims\jni.cpp, line 520]
Event: 12.597 Thread 0x00000278b400cbc0 Exception <a 'sun/nio/fs/WindowsException'{0x00000006074f8350}> (0x00000006074f8350) 
thrown [s\open\src\hotspot\share\prims\jni.cpp, line 520]
Event: 12.597 Thread 0x00000278b400cbc0 Exception <a 'sun/nio/fs/WindowsException'{0x00000006074f9738}> (0x00000006074f9738) 
thrown [s\open\src\hotspot\share\prims\jni.cpp, line 520]
Event: 12.613 Thread 0x00000278b400cbc0 Exception <a 'java/lang/NoSuchMethodError'{0x00000006076027e8}: 'java.lang.Object java.lang.invoke.Invokers$Holder.invoker(java.lang.Object, java.lang.Object, java.lang.Object, java.lang.Object, java.lang.Object, java.lang.Object)'> (0x00000006076027e8) 
thrown [s\open\src\hotspot\share\interpreter\linkResolver.cpp, line 773]
Event: 12.628 Thread 0x00000278b400cbc0 Exception <a 'java/lang/NoSuchMethodError'{0x00000006076a9b68}: 'java.lang.Object java.lang.invoke.DirectMethodHandle$Holder.invokeSpecial(java.lang.Object, java.lang.Object, java.lang.Object, java.lang.Object, java.lang.Object, java.lang.Object, java.lang.Object, java.lang.Object, java.lang.Object, java.lang.Object, java.lang.Object, java.lang.Object, java.lang.Object, java.lang.Object, java.lang.Object, java.lang.Object, java.lang.Object, java.lang.Object, java.lang.Object, java.lang.Object, java.lang.Ob
Event: 12.628 Thread 0x00000278b400cbc0 Exception <a 'java/lang/NoSuchMethodError'{0x00000006076afef0}: 'java.lang.Object java.lang.invoke.DelegatingMethodHandle$Holder.reinvoke_L(java.lang.Object, java.lang.Object, java.lang.Object, java.lang.Object, java.lang.Object, java.lang.Object, java.lang.Object, java.lang.Object, java.lang.Object, java.lang.Object, java.lang.Object, java.lang.Object, java.lang.Object, java.lang.Object, java.lang.Object, java.lang.Object, java.lang.Object, java.lang.Object, java.lang.Object, java.lang.Object, java.lang.O
Event: 12.628 Thread 0x00000278b400cbc0 Exception <a 'java/lang/NoSuchMethodError'{0x00000006076bb368}: 'java.lang.Object java.lang.invoke.Invokers$Holder.invoker(java.lang.Object, java.lang.Object, java.lang.Object, java.lang.Object, java.lang.Object, java.lang.Object, java.lang.Object, java.lang.Object, java.lang.Object, java.lang.Object, java.lang.Object, java.lang.Object, java.lang.Object, java.lang.Object, java.lang.Object, java.lang.Object, java.lang.Object, java.lang.Object, java.lang.Object, java.lang.Object, java.lang.Object, java.lang.
Event: 12.629 Thread 0x00000278b400cbc0 Exception <a 'java/lang/NoSuchMethodError'{0x00000006076c1fa0}: 'java.lang.Object java.lang.invoke.DelegatingMethodHandle$Holder.delegate(java.lang.Object, java.lang.Object, java.lang.Object, java.lang.Object, java.lang.Object, java.lang.Object, java.lang.Object, java.lang.Object, java.lang.Object, java.lang.Object, java.lang.Object, java.lang.Object, java.lang.Object, java.lang.Object, java.lang.Object, java.lang.Object, java.lang.Object, java.lang.Object, java.lang.Object, java.lang.Object, java.lang.Obj
Event: 12.662 Thread 0x00000278b400cbc0 Exception <a 'java/lang/NoSuchMethodError'{0x0000000607110318}: 'java.lang.Object java.lang.invoke.DirectMethodHandle$Holder.invokeStatic(java.lang.Object, java.lang.Object, java.lang.Object, java.lang.Object, java.lang.Object, java.lang.Object, int, java.lang.Object)'> (0x0000000607110318) 
thrown [s\open\src\hotspot\share\interpreter\linkResolver.cpp, line 773]
Event: 12.663 Thread 0x00000278b400cbc0 Exception <a 'java/lang/NoSuchMethodError'{0x0000000607119e20}: 'java.lang.Object java.lang.invoke.DirectMethodHandle$Holder.newInvokeSpecial(java.lang.Object, java.lang.Object, java.lang.Object, java.lang.Object, java.lang.Object, java.lang.Object, int)'> (0x0000000607119e20) 
thrown [s\open\src\hotspot\share\interpreter\linkResolver.cpp, line 773]
Event: 12.663 Thread 0x00000278b400cbc0 Exception <a 'java/lang/NoSuchMethodError'{0x000000060711e7c0}: 'java.lang.Object java.lang.invoke.DirectMethodHandle$Holder.invokeSpecial(java.lang.Object, java.lang.Object, java.lang.Object, java.lang.Object, java.lang.Object, java.lang.Object, java.lang.Object, int)'> (0x000000060711e7c0) 
thrown [s\open\src\hotspot\share\interpreter\linkResolver.cpp, line 773]
Event: 12.664 Thread 0x00000278b400cbc0 Exception <a 'java/lang/NoSuchMethodError'{0x00000006071229f0}: 'java.lang.Object java.lang.invoke.Invokers$Holder.linkToTargetMethod(java.lang.Object, java.lang.Object, java.lang.Object, java.lang.Object, java.lang.Object, int, java.lang.Object)'> (0x00000006071229f0) 
thrown [s\open\src\hotspot\share\interpreter\linkResolver.cpp, line 773]
Event: 15.430 Thread 0x00000278b400cbc0 Exception <a 'sun/nio/fs/WindowsException'{0x00000006056f4c38}> (0x00000006056f4c38) 
thrown [s\open\src\hotspot\share\prims\jni.cpp, line 520]
Event: 15.431 Thread 0x00000278b400cbc0 Exception <a 'sun/nio/fs/WindowsException'{0x00000006056f6508}> (0x00000006056f6508) 
thrown [s\open\src\hotspot\share\prims\jni.cpp, line 520]
Event: 15.474 Thread 0x00000278b400cbc0 Implicit null exception at 0x0000027850432b76 to 0x00000278504336d8
Event: 19.158 Thread 0x00000278b400cbc0 Implicit null exception at 0x00000278505fa447 to 0x00000278505fb5a0

ZGC Phase Switch (0 events):
No events

VM Operations (20 events):
Event: 21.343 Executing VM operation: G1CollectForAllocation (G1 Evacuation Pause)
Event: 21.347 Executing VM operation: G1CollectForAllocation (G1 Evacuation Pause) done
Event: 21.521 Executing VM operation: G1CollectForAllocation (G1 Evacuation Pause)
Event: 21.527 Executing VM operation: G1CollectForAllocation (G1 Evacuation Pause) done
Event: 21.784 Executing VM operation: G1CollectForAllocation (G1 Evacuation Pause)
Event: 21.791 Executing VM operation: G1CollectForAllocation (G1 Evacuation Pause) done
Event: 22.032 Executing VM operation: G1CollectForAllocation (G1 Evacuation Pause)
Event: 22.039 Executing VM operation: G1CollectForAllocation (G1 Evacuation Pause) done
Event: 22.409 Executing VM operation: G1CollectForAllocation (G1 Evacuation Pause)
Event: 22.416 Executing VM operation: G1CollectForAllocation (G1 Evacuation Pause) done
Event: 22.906 Executing VM operation: G1CollectForAllocation (G1 Evacuation Pause)
Event: 22.914 Executing VM operation: G1CollectForAllocation (G1 Evacuation Pause) done
Event: 23.340 Executing VM operation: G1CollectForAllocation (G1 Evacuation Pause)
Event: 23.350 Executing VM operation: G1CollectForAllocation (G1 Evacuation Pause) done
Event: 23.782 Executing VM operation: G1CollectForAllocation (G1 Evacuation Pause)
Event: 23.790 Executing VM operation: G1CollectForAllocation (G1 Evacuation Pause) done
Event: 24.181 Executing VM operation: G1CollectForAllocation (G1 Evacuation Pause)
Event: 24.192 Executing VM operation: G1CollectForAllocation (G1 Evacuation Pause) done
Event: 24.643 Executing VM operation: G1CollectForAllocation (G1 Evacuation Pause)
Event: 24.657 Executing VM operation: G1CollectForAllocation (G1 Evacuation Pause) done

Events (20 events):
Event: 8.462 Thread 0x000002786c8454c0 flushing nmethod 0x0000027840148f90
Event: 8.462 Thread 0x000002786c8454c0 flushing nmethod 0x000002784022ce10
Event: 8.462 Thread 0x000002786c8454c0 flushing nmethod 0x000002784022fa90
Event: 8.462 Thread 0x000002786c8454c0 flushing nmethod 0x0000027840230890
Event: 8.462 Thread 0x000002786c8454c0 flushing nmethod 0x0000027840230b90
Event: 8.462 Thread 0x000002786c8454c0 flushing nmethod 0x0000027840274190
Event: 8.462 Thread 0x000002786c8454c0 flushing nmethod 0x000002784027e010
Event: 8.462 Thread 0x000002786c8454c0 flushing nmethod 0x000002784027e910
Event: 8.462 Thread 0x000002786c8454c0 flushing nmethod 0x000002784038e010
Event: 9.317 Thread 0x00000278b48578e0 Thread added: 0x00000278b48578e0
Event: 10.342 Thread 0x00000278b4854af0 Thread added: 0x00000278b4854af0
Event: 11.361 Thread 0x00000278b4858c90 Thread added: 0x00000278b4858c90
Event: 11.593 Thread 0x00000278b4859320 Thread added: 0x00000278b4859320
Event: 11.857 Thread 0x00000278b4b0e850 Thread added: 0x00000278b4b0e850
Event: 11.957 Thread 0x00000278b4b11640 Thread added: 0x00000278b4b11640
Event: 12.060 Thread 0x00000278b4b11cd0 Thread added: 0x00000278b4b11cd0
Event: 12.178 Thread 0x00000278b4b10fb0 Thread added: 0x00000278b4b10fb0
Event: 12.244 Thread 0x00000278b4b0fc00 Thread added: 0x00000278b4b0fc00
Event: 15.500 Thread 0x00000278b5f85940 Thread added: 0x00000278b5f85940
Event: 21.251 Thread 0x00000278b5f85940 Thread exited: 0x00000278b5f85940


Dynamic libraries:
0x00007ff7d5bc0000 - 0x00007ff7d5bd0000 	C:\Program Files\Java\jdk-21.0.11\bin\java.exe
0x00007ff849300000 - 0x00007ff849567000 	C:\WINDOWS\SYSTEM32\ntdll.dll
0x00007ff848800000 - 0x00007ff8488cb000 	C:\WINDOWS\System32\KERNEL32.DLL
0x00007ff846c10000 - 0x00007ff847012000 	C:\WINDOWS\System32\KERNELBASE.dll
0x00007ff846500000 - 0x00007ff84664c000 	C:\WINDOWS\System32\ucrtbase.dll
0x00007ff83f190000 - 0x00007ff83f1a9000 	C:\Program Files\Java\jdk-21.0.11\bin\jli.dll
0x00007ff81a240000 - 0x00007ff81a25e000 	C:\Program Files\Java\jdk-21.0.11\bin\VCRUNTIME140.dll
0x00007ff8491a0000 - 0x00007ff84925c000 	C:\WINDOWS\System32\ADVAPI32.dll
0x00007ff847970000 - 0x00007ff847a19000 	C:\WINDOWS\System32\msvcrt.dll
0x00007ff847f90000 - 0x00007ff848039000 	C:\WINDOWS\System32\sechost.dll
0x00007ff848350000 - 0x00007ff848468000 	C:\WINDOWS\System32\RPCRT4.dll
0x00007ff847a20000 - 0x00007ff847bef000 	C:\WINDOWS\System32\USER32.dll
0x00007ff846be0000 - 0x00007ff846c07000 	C:\WINDOWS\System32\win32u.dll
0x00007ff848940000 - 0x00007ff84896b000 	C:\WINDOWS\System32\GDI32.dll
0x00007ff846ab0000 - 0x00007ff846bd9000 	C:\WINDOWS\System32\gdi32full.dll
0x00007ff827950000 - 0x00007ff827be0000 	C:\WINDOWS\WinSxS\amd64_microsoft.windows.common-controls_6595b64144ccf1df_6.0.26100.9278_none_3e0d1ba8e3303201\COMCTL32.dll
0x00007ff8467f0000 - 0x00007ff846893000 	C:\WINDOWS\System32\msvcp_win.dll
0x00007ff83e000000 - 0x00007ff83e00b000 	C:\WINDOWS\SYSTEM32\VERSION.dll
0x00007ff848040000 - 0x00007ff848071000 	C:\WINDOWS\System32\IMM32.DLL
0x00007ff8286e0000 - 0x00007ff8286ec000 	C:\Program Files\Java\jdk-21.0.11\bin\vcruntime140_1.dll
0x00007fffeec70000 - 0x00007fffeecfd000 	C:\Program Files\Java\jdk-21.0.11\bin\msvcp140.dll
0x00007fff5d580000 - 0x00007fff5e2a8000 	C:\Program Files\Java\jdk-21.0.11\bin\server\jvm.dll
0x00007ff8478e0000 - 0x00007ff847960000 	C:\WINDOWS\System32\WS2_32.dll
0x00007ff846360000 - 0x00007ff8463be000 	C:\WINDOWS\SYSTEM32\POWRPROF.dll
0x00007ff83a4c0000 - 0x00007ff83a4f6000 	C:\WINDOWS\SYSTEM32\WINMM.dll
0x00007ff846340000 - 0x00007ff846355000 	C:\WINDOWS\SYSTEM32\UMPDC.dll
0x00007ff8451d0000 - 0x00007ff8451eb000 	C:\WINDOWS\SYSTEM32\kernel.appcore.dll
0x00007ff8281d0000 - 0x00007ff8281da000 	C:\Program Files\Java\jdk-21.0.11\bin\jimage.dll
0x00007ff83cae0000 - 0x00007ff83cd2c000 	C:\WINDOWS\SYSTEM32\DBGHELP.DLL
0x00007ff848470000 - 0x00007ff8487f5000 	C:\WINDOWS\System32\combase.dll
0x00007ff848260000 - 0x00007ff848339000 	C:\WINDOWS\System32\OLEAUT32.dll
0x00007ff827800000 - 0x00007ff82783b000 	C:\WINDOWS\SYSTEM32\dbgcore.DLL
0x00007ff8468a0000 - 0x00007ff84694c000 	C:\WINDOWS\System32\bcryptPrimitives.dll
0x00007ff81ada0000 - 0x00007ff81adb0000 	C:\Program Files\Java\jdk-21.0.11\bin\instrument.dll
0x00007ff810190000 - 0x00007ff8101b1000 	C:\Program Files\Java\jdk-21.0.11\bin\java.dll
0x00007ff847020000 - 0x00007ff8477b8000 	C:\WINDOWS\System32\SHELL32.dll
0x00007ff843f60000 - 0x00007ff84480e000 	C:\WINDOWS\SYSTEM32\windows.storage.dll
0x00007ff847c60000 - 0x00007ff847d5b000 	C:\WINDOWS\System32\SHCORE.dll
0x00007ff8488d0000 - 0x00007ff848936000 	C:\WINDOWS\System32\shlwapi.dll
0x00007ff846420000 - 0x00007ff846449000 	C:\WINDOWS\SYSTEM32\profapi.dll
0x00007fffeb8b0000 - 0x00007fffeb987000 	C:\Program Files\Java\jdk-21.0.11\bin\jsvml.dll
0x00007ff816740000 - 0x00007ff816758000 	C:\Program Files\Java\jdk-21.0.11\bin\zip.dll
0x00007ff8033b0000 - 0x00007ff8033c1000 	C:\Program Files\Java\jdk-21.0.11\bin\net.dll
0x00007ff83f590000 - 0x00007ff83f6ba000 	C:\WINDOWS\SYSTEM32\WINHTTP.dll
0x00007ff845790000 - 0x00007ff8457fc000 	C:\WINDOWS\system32\mswsock.dll
0x00007ff802760000 - 0x00007ff802776000 	C:\Program Files\Java\jdk-21.0.11\bin\nio.dll
0x00007ff818170000 - 0x00007ff818180000 	C:\Program Files\Java\jdk-21.0.11\bin\verify.dll
0x00007ff8103d0000 - 0x00007ff8103f7000 	C:\Users\Noe Chavero\.gradle\native\660c5614fbf4a5f2a75b1949f50a0caf5cd603558e7d8a26e50b933a0cfb79d1\windows-amd64\native-platform.dll
0x00007ffffd6b0000 - 0x00007ffffd727000 	C:\Users\Noe Chavero\.gradle\native\0.2.8\x86_64-windows-gnu\gradle-fileevents.dll
0x00007ff817ef0000 - 0x00007ff817efa000 	C:\Program Files\Java\jdk-21.0.11\bin\management.dll
0x00007ff810180000 - 0x00007ff81018c000 	C:\Program Files\Java\jdk-21.0.11\bin\management_ext.dll
0x00007ff847d60000 - 0x00007ff847d68000 	C:\WINDOWS\System32\PSAPI.DLL
0x00007ff844bd0000 - 0x00007ff844c03000 	C:\WINDOWS\SYSTEM32\IPHLPAPI.DLL
0x00007ff848340000 - 0x00007ff84834a000 	C:\WINDOWS\System32\NSI.dll
0x00007ff80f100000 - 0x00007ff80f109000 	C:\Program Files\Java\jdk-21.0.11\bin\extnet.dll
0x00007ff845aa0000 - 0x00007ff845abb000 	C:\WINDOWS\SYSTEM32\CRYPTSP.dll
0x00007ff845130000 - 0x00007ff845169000 	C:\WINDOWS\system32\rsaenh.dll
0x00007ff845840000 - 0x00007ff845874000 	C:\WINDOWS\SYSTEM32\USERENV.dll
0x00007ff8463f0000 - 0x00007ff84641a000 	C:\WINDOWS\SYSTEM32\bcrypt.dll
0x00007ff845a80000 - 0x00007ff845a8c000 	C:\WINDOWS\SYSTEM32\CRYPTBASE.dll
0x00007ff808c30000 - 0x00007ff808c3e000 	C:\Program Files\Java\jdk-21.0.11\bin\sunmscapi.dll
0x00007ff846660000 - 0x00007ff8467de000 	C:\WINDOWS\System32\CRYPT32.dll
0x00007ff845cc0000 - 0x00007ff845cf0000 	C:\WINDOWS\SYSTEM32\ncrypt.dll
0x00007ff845c70000 - 0x00007ff845caf000 	C:\WINDOWS\SYSTEM32\NTASN1.dll
0x00007ff80ef80000 - 0x00007ff80ef88000 	C:\WINDOWS\system32\wshunix.dll

dbghelp: loaded successfully - version: 4.0.5 - missing functions: none
symbol engine: initialized successfully - sym options: 0x614 - pdb path: .;C:\Program Files\Java\jdk-21.0.11\bin;C:\WINDOWS\SYSTEM32;C:\WINDOWS\WinSxS\amd64_microsoft.windows.common-controls_6595b64144ccf1df_6.0.26100.9278_none_3e0d1ba8e3303201;C:\Program Files\Java\jdk-21.0.11\bin\server;C:\Users\Noe Chavero\.gradle\native\660c5614fbf4a5f2a75b1949f50a0caf5cd603558e7d8a26e50b933a0cfb79d1\windows-amd64;C:\Users\Noe Chavero\.gradle\native\0.2.8\x86_64-windows-gnu

VM Arguments:
jvm_args: --add-opens=java.base/java.lang=ALL-UNNAMED --add-opens=java.base/java.lang.invoke=ALL-UNNAMED --add-opens=java.base/java.util=ALL-UNNAMED --add-opens=java.prefs/java.util.prefs=ALL-UNNAMED --add-exports=jdk.compiler/com.sun.tools.javac.api=ALL-UNNAMED --add-exports=jdk.compiler/com.sun.tools.javac.util=ALL-UNNAMED --add-opens=java.base/java.util=ALL-UNNAMED --add-opens=java.prefs/java.util.prefs=ALL-UNNAMED --add-opens=java.base/java.nio.charset=ALL-UNNAMED --add-opens=java.base/java.net=ALL-UNNAMED --add-opens=java.base/java.util.concurrent=ALL-UNNAMED --add-opens=java.base/java.util.concurrent.atomic=ALL-UNNAMED --add-opens=java.xml/javax.xml.namespace=ALL-UNNAMED --add-opens=java.base/java.time=ALL-UNNAMED -XX:MaxMetaspaceSize=4G -XX:ReservedCodeCacheSize=512m -XX:+HeapDumpOnOutOfMemoryError -Xmx8G -Dfile.encoding=UTF-8 -Duser.country=MX -Duser.language=es -Duser.variant -javaagent:C:\Users\Noe Chavero\.gradle\wrapper\dists\gradle-9.3.1-all\9ot9r568e8zfvvd4mn8rbu1j0\gradle-9.3.1\lib\agents\gradle-instrumentation-agent-9.3.1.jar 
java_command: org.gradle.launcher.daemon.bootstrap.GradleDaemon 9.3.1
java_class_path (initial): C:\Users\Noe Chavero\.gradle\wrapper\dists\gradle-9.3.1-all\9ot9r568e8zfvvd4mn8rbu1j0\gradle-9.3.1\lib\gradle-daemon-main-9.3.1.jar
Launcher Type: SUN_STANDARD

[Global flags]
     intx CICompilerCount                          = 4                                         {product} {ergonomic}
     uint ConcGCThreads                            = 3                                         {product} {ergonomic}
     uint G1ConcRefinementThreads                  = 10                                        {product} {ergonomic}
   size_t G1HeapRegionSize                         = 4194304                                   {product} {ergonomic}
    uintx GCDrainStackTargetSize                   = 64                                        {product} {ergonomic}
     bool HeapDumpOnOutOfMemoryError               = true                                   {manageable} {command line}
   size_t InitialHeapSize                          = 125829120                                 {product} {ergonomic}
   size_t MarkStackSize                            = 4194304                                   {product} {ergonomic}
   size_t MaxHeapSize                              = 8589934592                                {product} {command line}
   size_t MaxMetaspaceSize                         = 4294967296                                {product} {command line}
   size_t MaxNewSize                               = 5150605312                                {product} {ergonomic}
   size_t MinHeapDeltaBytes                        = 4194304                                   {product} {ergonomic}
   size_t MinHeapSize                              = 8388608                                   {product} {ergonomic}
    uintx NonNMethodCodeHeapSize                   = 5839372                                {pd product} {ergonomic}
    uintx NonProfiledCodeHeapSize                  = 265515770                              {pd product} {ergonomic}
    uintx ProfiledCodeHeapSize                     = 265515770                              {pd product} {ergonomic}
    uintx ReservedCodeCacheSize                    = 536870912                              {pd product} {command line}
     bool SegmentedCodeCache                       = true                                      {product} {ergonomic}
   size_t SoftMaxHeapSize                          = 8589934592                             {manageable} {ergonomic}
     bool UseCompressedOops                        = true                           {product lp64_product} {ergonomic}
     bool UseG1GC                                  = true                                      {product} {ergonomic}
     bool UseLargePagesIndividualAllocation        = false                                  {pd product} {ergonomic}

Logging:
Log output configuration:
 #0: stdout all=warning uptime,level,tags foldmultilines=false
 #1: stderr all=off uptime,level,tags foldmultilines=false

Environment Variables:
PATH=C:\Program Files\Common Files\Oracle\Java\javapath;C:\Program Files\Microsoft MPI\Bin\;C:\windows\system32;C:\windows;C:\windows\System32\Wbem;C:\windows\System32\WindowsPowerShell\v1.0\;C:\windows\System32\OpenSSH\;C:\Program Files (x86)\NVIDIA Corporation\PhysX\Common;C:\Program Files\NVIDIA Corporation\NVIDIA NvDLISR;C:\Users\Administrator\AppData\Local\Microsoft\WindowsApps;C:\Program Files\HP\OMEN-Broadcast\Common;C:\WINDOWS\system32;C:\WINDOWS;C:\WINDOWS\System32\Wbem;C:\WINDOWS\System32\WindowsPowerShell\v1.0\;C:\WINDOWS\System32\OpenSSH\;C:\Program Files\Microsoft SQL Server\170\DTS\Binn\;C:\Program Files (x86)\Microsoft SQL Server\170\Tools\Binn\;C:\Program Files\Microsoft SQL Server\170\Tools\Binn\;C:\Program Files\Microsoft SQL Server\Client SDK\ODBC\180\Tools\Binn\;C:\Program Files\nodejs\;C:\Program Files\Git\cmd;C:\Archivos de programa\MongoDB\mongosh\bin;C:\Program Files\PostgreSQL\16\bin;C:\Program Files\Docker\Docker\resources\bin;C:\Program Files\dotnet\;C:\Users\Noe Chavero\AppData\Local\Programs\Python\Python314\Scripts\;C:\Users\Noe Chavero\AppData\Local\Programs\Python\Python314\;C:\Program Files\MySQL\MySQL Shell 8.0\bin\;C:\Users\Noe Chavero\AppData\Local\Microsoft\WindowsApps;C:\Users\Noe Chavero\AppData\Local\Programs\Microsoft VS Code\bin;C:\Users\Noe Chavero\AppData\Roaming\npm;C:\Users\Noe Chavero\AppData\Local\Programs\Antigravity\bin;C:\Program Files\MongoDB\mongosh\bin;C:\Users\Noe Chavero\AppData\Local\Programs\Antigravity IDE\bin;C:\Users\Noe Chavero\flutter\bin;C:\Users\Noe Chavero\AppData\Local\Unity\bin;C:\Users\Noe Chavero\.dotnet\tools;C:\Program Files\JetBrains\IntelliJ IDEA 2026.2.2\bin
USERNAME=Noe Chavero
OS=Windows_NT
PROCESSOR_IDENTIFIER=AMD64 Family 25 Model 117 Stepping 2, AuthenticAMD
TMP=C:\Users\NOECHA~1\AppData\Local\Temp
TEMP=C:\Users\NOECHA~1\AppData\Local\Temp




Periodic native trim disabled

---------------  S Y S T E M  ---------------

OS:
 Windows 11 , 64 bit Build 26100 (10.0.26100.9444)
OS uptime: 6 days 5:01 hours
Hyper-V role detected

CPU: total 12 (initial active 12) (12 cores per cpu, 2 threads per core) family 25 model 117 stepping 2 microcode 0xa70520a, cx8, cmov, fxsr, ht, mmx, 3dnowpref, sse, sse2, sse3, ssse3, sse4a, sse4.1, sse4.2, popcnt, lzcnt, tsc, tscinvbit, avx, avx2, aes, erms, clmul, bmi1, bmi2, adx, avx512f, avx512dq, avx512cd, avx512bw, avx512vl, sha, fma, vzeroupper, avx512_vpopcntdq, avx512_vpclmulqdq, avx512_vaes, avx512_vnni, clflush, clflushopt, avx512_vbmi2, avx512_vbmi, hv, rdtscp, rdpid, fsrm, gfni, avx512_bitalg, f16c, cet_ss, avx512_ifma
Processor Information for processor 0
  Max Mhz: 4301, Current Mhz: 2483, Mhz Limit: 4301
Processor Information for processor 1
  Max Mhz: 4301, Current Mhz: 2483, Mhz Limit: 4301
Processor Information for processor 2
  Max Mhz: 4301, Current Mhz: 2483, Mhz Limit: 4301
Processor Information for processor 3
  Max Mhz: 4301, Current Mhz: 2483, Mhz Limit: 4301
Processor Information for processor 4
  Max Mhz: 4301, Current Mhz: 2483, Mhz Limit: 4301
Processor Information for processor 5
  Max Mhz: 4301, Current Mhz: 2483, Mhz Limit: 4301
Processor Information for processor 6
  Max Mhz: 4301, Current Mhz: 2483, Mhz Limit: 4301
Processor Information for processor 7
  Max Mhz: 4301, Current Mhz: 2483, Mhz Limit: 4301
Processor Information for processor 8
  Max Mhz: 4301, Current Mhz: 3481, Mhz Limit: 4301
Processor Information for processor 9
  Max Mhz: 4301, Current Mhz: 2483, Mhz Limit: 4301
Processor Information for processor 10
  Max Mhz: 4301, Current Mhz: 3481, Mhz Limit: 4301
Processor Information for processor 11
  Max Mhz: 4301, Current Mhz: 2483, Mhz Limit: 4301

Memory: 4k page, system-wide physical 7439M (175M free)
TotalPageFile size 29967M (AvailPageFile size 7M)
current process WorkingSet (physical memory assigned to process): 579M, peak: 582M
current process commit charge ("private bytes"): 855M, peak: 857M

vm_info: Java HotSpot(TM) 64-Bit Server VM (21.0.11+9-LTS-211) for windows-amd64 JRE (21.0.11+9-LTS-211), built on 2026-03-11T00:23:15Z by "mach5run" with MS VC++ 17.13 (VS2022)

END.
